==1092621== Memcheck, a memory error detector
==1092621== Copyright (C) 2002-2017, and GNU GPL'd, by Julian Seward et al.
==1092621== Using Valgrind-3.18.1 and LibVEX; rerun with -h for copyright info
==1092621== Command: ./cub3D Cub3D-Destroyer/maps/maps_buged/..
==1092621== 
[1;31mERROR: need .cub extention file[0m
==1092621== 
==1092621== FILE DESCRIPTORS: 6 open (3 std) at exit.
==1092621== Open file descriptor 103: /usr/share/code/v8_context_snapshot.bin
==1092621==    <inherited from parent>
==1092621== 
==1092621== Open AF_UNIX socket 41: <unknown>
==1092621==    <inherited from parent>
==1092621== 
==1092621== Open file descriptor 40: /home/jle-doua/.config/Code/logs/20250909T151911/ptyhost.log
==1092621==    <inherited from parent>
==1092621== 
==1092621== 
==1092621== HEAP SUMMARY:
==1092621==     in use at exit: 0 bytes in 0 blocks
==1092621==   total heap usage: 0 allocs, 0 frees, 0 bytes allocated
==1092621== 
==1092621== All heap blocks were freed -- no leaks are possible
==1092621== 
==1092621== For lists of detected and suppressed errors, rerun with: -s
==1092621== ERROR SUMMARY: 0 errors from 0 contexts (suppressed: 0 from 0)
