==1093187== Memcheck, a memory error detector
==1093187== Copyright (C) 2002-2017, and GNU GPL'd, by Julian Seward et al.
==1093187== Using Valgrind-3.18.1 and LibVEX; rerun with -h for copyright info
==1093187== Command: ./cub3D Cub3D-Destroyer/maps/maps_buged/.cub.extension_at_beginning
==1093187== 
[1;31mERROR: need .cub extention file[0m
==1093187== 
==1093187== FILE DESCRIPTORS: 6 open (3 std) at exit.
==1093187== Open file descriptor 103: /usr/share/code/v8_context_snapshot.bin
==1093187==    <inherited from parent>
==1093187== 
==1093187== Open AF_UNIX socket 41: <unknown>
==1093187==    <inherited from parent>
==1093187== 
==1093187== Open file descriptor 40: /home/jle-doua/.config/Code/logs/20250909T151911/ptyhost.log
==1093187==    <inherited from parent>
==1093187== 
==1093187== 
==1093187== HEAP SUMMARY:
==1093187==     in use at exit: 0 bytes in 0 blocks
==1093187==   total heap usage: 0 allocs, 0 frees, 0 bytes allocated
==1093187== 
==1093187== All heap blocks were freed -- no leaks are possible
==1093187== 
==1093187== For lists of detected and suppressed errors, rerun with: -s
==1093187== ERROR SUMMARY: 0 errors from 0 contexts (suppressed: 0 from 0)
