==1092674== Memcheck, a memory error detector
==1092674== Copyright (C) 2002-2017, and GNU GPL'd, by Julian Seward et al.
==1092674== Using Valgrind-3.18.1 and LibVEX; rerun with -h for copyright info
==1092674== Command: ./cub3D Cub3D-Destroyer/maps/maps_buged/1st_protected_texture_copy.cub
==1092674== 
[1;31mERROR: image creation failed
[0m==1092674== 
==1092674== FILE DESCRIPTORS: 6 open (3 std) at exit.
==1092674== Open file descriptor 103: /usr/share/code/v8_context_snapshot.bin
==1092674==    <inherited from parent>
==1092674== 
==1092674== Open AF_UNIX socket 41: <unknown>
==1092674==    <inherited from parent>
==1092674== 
==1092674== Open file descriptor 40: /home/jle-doua/.config/Code/logs/20250909T151911/ptyhost.log
==1092674==    <inherited from parent>
==1092674== 
==1092674== 
==1092674== HEAP SUMMARY:
==1092674==     in use at exit: 0 bytes in 0 blocks
==1092674==   total heap usage: 1,217 allocs, 1,217 frees, 88,203 bytes allocated
==1092674== 
==1092674== All heap blocks were freed -- no leaks are possible
==1092674== 
==1092674== For lists of detected and suppressed errors, rerun with: -s
==1092674== ERROR SUMMARY: 0 errors from 0 contexts (suppressed: 0 from 0)
