==1092661== Memcheck, a memory error detector
==1092661== Copyright (C) 2002-2017, and GNU GPL'd, by Julian Seward et al.
==1092661== Using Valgrind-3.18.1 and LibVEX; rerun with -h for copyright info
==1092661== Command: ./cub3D Cub3D-Destroyer/maps/maps_buged/1st_protected_texture_copy_4.cub
==1092661== 
[1;31mERROR: image creation failed
[0m==1092661== 
==1092661== FILE DESCRIPTORS: 6 open (3 std) at exit.
==1092661== Open file descriptor 103: /usr/share/code/v8_context_snapshot.bin
==1092661==    <inherited from parent>
==1092661== 
==1092661== Open AF_UNIX socket 41: <unknown>
==1092661==    <inherited from parent>
==1092661== 
==1092661== Open file descriptor 40: /home/jle-doua/.config/Code/logs/20250909T151911/ptyhost.log
==1092661==    <inherited from parent>
==1092661== 
==1092661== 
==1092661== HEAP SUMMARY:
==1092661==     in use at exit: 0 bytes in 0 blocks
==1092661==   total heap usage: 1,225 allocs, 1,225 frees, 88,298 bytes allocated
==1092661== 
==1092661== All heap blocks were freed -- no leaks are possible
==1092661== 
==1092661== For lists of detected and suppressed errors, rerun with: -s
==1092661== ERROR SUMMARY: 0 errors from 0 contexts (suppressed: 0 from 0)
