==1092688== Memcheck, a memory error detector
==1092688== Copyright (C) 2002-2017, and GNU GPL'd, by Julian Seward et al.
==1092688== Using Valgrind-3.18.1 and LibVEX; rerun with -h for copyright info
==1092688== Command: ./cub3D Cub3D-Destroyer/maps/maps_buged/1st_protected_texture.cub
==1092688== 
[1;31mERROR: image creation failed
[0m==1092688== 
==1092688== FILE DESCRIPTORS: 6 open (3 std) at exit.
==1092688== Open file descriptor 103: /usr/share/code/v8_context_snapshot.bin
==1092688==    <inherited from parent>
==1092688== 
==1092688== Open AF_UNIX socket 41: <unknown>
==1092688==    <inherited from parent>
==1092688== 
==1092688== Open file descriptor 40: /home/jle-doua/.config/Code/logs/20250909T151911/ptyhost.log
==1092688==    <inherited from parent>
==1092688== 
==1092688== 
==1092688== HEAP SUMMARY:
==1092688==     in use at exit: 0 bytes in 0 blocks
==1092688==   total heap usage: 1,228 allocs, 1,228 frees, 88,295 bytes allocated
==1092688== 
==1092688== All heap blocks were freed -- no leaks are possible
==1092688== 
==1092688== For lists of detected and suppressed errors, rerun with: -s
==1092688== ERROR SUMMARY: 0 errors from 0 contexts (suppressed: 0 from 0)
