==1092914== Memcheck, a memory error detector
==1092914== Copyright (C) 2002-2017, and GNU GPL'd, by Julian Seward et al.
==1092914== Using Valgrind-3.18.1 and LibVEX; rerun with -h for copyright info
==1092914== Command: ./cub3D Cub3D-Destroyer/maps/maps_buged/2.cub
==1092914== 
[1;31mERROR: Cub3D-Destroyer/maps/maps_buged/2.cub: invalide file[0m
==1092914== Warning: invalid file descriptor -1 in syscall close()
[0;31mERROR: file inexistant[0m
==1092914== 
==1092914== FILE DESCRIPTORS: 6 open (3 std) at exit.
==1092914== Open file descriptor 103: /usr/share/code/v8_context_snapshot.bin
==1092914==    <inherited from parent>
==1092914== 
==1092914== Open AF_UNIX socket 41: <unknown>
==1092914==    <inherited from parent>
==1092914== 
==1092914== Open file descriptor 40: /home/jle-doua/.config/Code/logs/20250909T151911/ptyhost.log
==1092914==    <inherited from parent>
==1092914== 
==1092914== 
==1092914== HEAP SUMMARY:
==1092914==     in use at exit: 0 bytes in 0 blocks
==1092914==   total heap usage: 93 allocs, 93 frees, 62,092 bytes allocated
==1092914== 
==1092914== All heap blocks were freed -- no leaks are possible
==1092914== 
==1092914== For lists of detected and suppressed errors, rerun with: -s
==1092914== ERROR SUMMARY: 0 errors from 0 contexts (suppressed: 0 from 0)
