==1092875== Memcheck, a memory error detector
==1092875== Copyright (C) 2002-2017, and GNU GPL'd, by Julian Seward et al.
==1092875== Using Valgrind-3.18.1 and LibVEX; rerun with -h for copyright info
==1092875== Command: ./cub3D Cub3D-Destroyer/maps/maps_buged/bash_no_player.cub
==1092875== 
[1;31mERROR: image creation failed
[0m==1092875== 
==1092875== FILE DESCRIPTORS: 6 open (3 std) at exit.
==1092875== Open file descriptor 103: /usr/share/code/v8_context_snapshot.bin
==1092875==    <inherited from parent>
==1092875== 
==1092875== Open AF_UNIX socket 41: <unknown>
==1092875==    <inherited from parent>
==1092875== 
==1092875== Open file descriptor 40: /home/jle-doua/.config/Code/logs/20250909T151911/ptyhost.log
==1092875==    <inherited from parent>
==1092875== 
==1092875== 
==1092875== HEAP SUMMARY:
==1092875==     in use at exit: 0 bytes in 0 blocks
==1092875==   total heap usage: 1,147 allocs, 1,147 frees, 84,959 bytes allocated
==1092875== 
==1092875== All heap blocks were freed -- no leaks are possible
==1092875== 
==1092875== For lists of detected and suppressed errors, rerun with: -s
==1092875== ERROR SUMMARY: 0 errors from 0 contexts (suppressed: 0 from 0)
