==1092965== Memcheck, a memory error detector
==1092965== Copyright (C) 2002-2017, and GNU GPL'd, by Julian Seward et al.
==1092965== Using Valgrind-3.18.1 and LibVEX; rerun with -h for copyright info
==1092965== Command: ./cub3D Cub3D-Destroyer/maps/maps_buged/bash_player_on_the_side.cub
==1092965== 
[1;31mERROR: image creation failed
[0m==1092965== 
==1092965== FILE DESCRIPTORS: 6 open (3 std) at exit.
==1092965== Open file descriptor 103: /usr/share/code/v8_context_snapshot.bin
==1092965==    <inherited from parent>
==1092965== 
==1092965== Open AF_UNIX socket 41: <unknown>
==1092965==    <inherited from parent>
==1092965== 
==1092965== Open file descriptor 40: /home/jle-doua/.config/Code/logs/20250909T151911/ptyhost.log
==1092965==    <inherited from parent>
==1092965== 
==1092965== 
==1092965== HEAP SUMMARY:
==1092965==     in use at exit: 0 bytes in 0 blocks
==1092965==   total heap usage: 1,128 allocs, 1,128 frees, 84,161 bytes allocated
==1092965== 
==1092965== All heap blocks were freed -- no leaks are possible
==1092965== 
==1092965== For lists of detected and suppressed errors, rerun with: -s
==1092965== ERROR SUMMARY: 0 errors from 0 contexts (suppressed: 0 from 0)
