==1092978== Memcheck, a memory error detector
==1092978== Copyright (C) 2002-2017, and GNU GPL'd, by Julian Seward et al.
==1092978== Using Valgrind-3.18.1 and LibVEX; rerun with -h for copyright info
==1092978== Command: ./cub3D Cub3D-Destroyer/maps/maps_buged/c_colors_wrong.cub
==1092978== 
[1;31mERROR: wrong color format[0m
[1;31mERROR: invalide assets
[0m==1092978== 
==1092978== FILE DESCRIPTORS: 6 open (3 std) at exit.
==1092978== Open file descriptor 103: /usr/share/code/v8_context_snapshot.bin
==1092978==    <inherited from parent>
==1092978== 
==1092978== Open AF_UNIX socket 41: <unknown>
==1092978==    <inherited from parent>
==1092978== 
==1092978== Open file descriptor 40: /home/jle-doua/.config/Code/logs/20250909T151911/ptyhost.log
==1092978==    <inherited from parent>
==1092978== 
==1092978== 
==1092978== HEAP SUMMARY:
==1092978==     in use at exit: 0 bytes in 0 blocks
==1092978==   total heap usage: 419 allocs, 419 frees, 67,772 bytes allocated
==1092978== 
==1092978== All heap blocks were freed -- no leaks are possible
==1092978== 
==1092978== For lists of detected and suppressed errors, rerun with: -s
==1092978== ERROR SUMMARY: 0 errors from 0 contexts (suppressed: 0 from 0)
