==1093025== Memcheck, a memory error detector
==1093025== Copyright (C) 2002-2017, and GNU GPL'd, by Julian Seward et al.
==1093025== Using Valgrind-3.18.1 and LibVEX; rerun with -h for copyright info
==1093025== Command: ./cub3D Cub3D-Destroyer/maps/maps_buged/colors_with__right_nbr_commas_1nbr3.cub
==1093025== 
[1;31mERROR: wrong color format[0m
[1;31mERROR: wrong color format[0m
[1;31mERROR: invalide assets
[0m==1093025== 
==1093025== FILE DESCRIPTORS: 6 open (3 std) at exit.
==1093025== Open file descriptor 103: /usr/share/code/v8_context_snapshot.bin
==1093025==    <inherited from parent>
==1093025== 
==1093025== Open AF_UNIX socket 41: <unknown>
==1093025==    <inherited from parent>
==1093025== 
==1093025== Open file descriptor 40: /home/jle-doua/.config/Code/logs/20250909T151911/ptyhost.log
==1093025==    <inherited from parent>
==1093025== 
==1093025== 
==1093025== HEAP SUMMARY:
==1093025==     in use at exit: 0 bytes in 0 blocks
==1093025==   total heap usage: 406 allocs, 406 frees, 67,578 bytes allocated
==1093025== 
==1093025== All heap blocks were freed -- no leaks are possible
==1093025== 
==1093025== For lists of detected and suppressed errors, rerun with: -s
==1093025== ERROR SUMMARY: 0 errors from 0 contexts (suppressed: 0 from 0)
