==1092998== Memcheck, a memory error detector
==1092998== Copyright (C) 2002-2017, and GNU GPL'd, by Julian Seward et al.
==1092998== Using Valgrind-3.18.1 and LibVEX; rerun with -h for copyright info
==1092998== Command: ./cub3D Cub3D-Destroyer/maps/maps_buged/colors_wiht_only_commas.cub
==1092998== 
[1;31mERROR: wrong color format[0m
[1;31mERROR: wrong color format[0m
[1;31mERROR: invalide assets
[0m==1092998== 
==1092998== FILE DESCRIPTORS: 6 open (3 std) at exit.
==1092998== Open file descriptor 103: /usr/share/code/v8_context_snapshot.bin
==1092998==    <inherited from parent>
==1092998== 
==1092998== Open AF_UNIX socket 41: <unknown>
==1092998==    <inherited from parent>
==1092998== 
==1092998== Open file descriptor 40: /home/jle-doua/.config/Code/logs/20250909T151911/ptyhost.log
==1092998==    <inherited from parent>
==1092998== 
==1092998== 
==1092998== HEAP SUMMARY:
==1092998==     in use at exit: 0 bytes in 0 blocks
==1092998==   total heap usage: 406 allocs, 406 frees, 67,577 bytes allocated
==1092998== 
==1092998== All heap blocks were freed -- no leaks are possible
==1092998== 
==1092998== For lists of detected and suppressed errors, rerun with: -s
==1092998== ERROR SUMMARY: 0 errors from 0 contexts (suppressed: 0 from 0)
