==1093064== Memcheck, a memory error detector
==1093064== Copyright (C) 2002-2017, and GNU GPL'd, by Julian Seward et al.
==1093064== Using Valgrind-3.18.1 and LibVEX; rerun with -h for copyright info
==1093064== Command: ./cub3D Cub3D-Destroyer/maps/maps_buged/colros_with_extracommas_and_nbrs.cub
==1093064== 
[1;31mERROR: wrong color format[0m
[1;31mERROR: wrong color format[0m
[1;31mERROR: invalide assets
[0m==1093064== 
==1093064== FILE DESCRIPTORS: 6 open (3 std) at exit.
==1093064== Open file descriptor 103: /usr/share/code/v8_context_snapshot.bin
==1093064==    <inherited from parent>
==1093064== 
==1093064== Open AF_UNIX socket 41: <unknown>
==1093064==    <inherited from parent>
==1093064== 
==1093064== Open file descriptor 40: /home/jle-doua/.config/Code/logs/20250909T151911/ptyhost.log
==1093064==    <inherited from parent>
==1093064== 
==1093064== 
==1093064== HEAP SUMMARY:
==1093064==     in use at exit: 0 bytes in 0 blocks
==1093064==   total heap usage: 416 allocs, 416 frees, 67,702 bytes allocated
==1093064== 
==1093064== All heap blocks were freed -- no leaks are possible
==1093064== 
==1093064== For lists of detected and suppressed errors, rerun with: -s
==1093064== ERROR SUMMARY: 0 errors from 0 contexts (suppressed: 0 from 0)
