==1093077== Memcheck, a memory error detector
==1093077== Copyright (C) 2002-2017, and GNU GPL'd, by Julian Seward et al.
==1093077== Using Valgrind-3.18.1 and LibVEX; rerun with -h for copyright info
==1093077== Command: ./cub3D Cub3D-Destroyer/maps/maps_buged/coordinate_names_partially_written_correctly_copy_2.cub
==1093077== 
[1;31mERROR: invalide assets
[0m==1093077== 
==1093077== FILE DESCRIPTORS: 6 open (3 std) at exit.
==1093077== Open file descriptor 103: /usr/share/code/v8_context_snapshot.bin
==1093077==    <inherited from parent>
==1093077== 
==1093077== Open AF_UNIX socket 41: <unknown>
==1093077==    <inherited from parent>
==1093077== 
==1093077== Open file descriptor 40: /home/jle-doua/.config/Code/logs/20250909T151911/ptyhost.log
==1093077==    <inherited from parent>
==1093077== 
==1093077== 
==1093077== HEAP SUMMARY:
==1093077==     in use at exit: 0 bytes in 0 blocks
==1093077==   total heap usage: 386 allocs, 386 frees, 67,444 bytes allocated
==1093077== 
==1093077== All heap blocks were freed -- no leaks are possible
==1093077== 
==1093077== For lists of detected and suppressed errors, rerun with: -s
==1093077== ERROR SUMMARY: 0 errors from 0 contexts (suppressed: 0 from 0)
