==1093116== Memcheck, a memory error detector
==1093116== Copyright (C) 2002-2017, and GNU GPL'd, by Julian Seward et al.
==1093116== Using Valgrind-3.18.1 and LibVEX; rerun with -h for copyright info
==1093116== Command: ./cub3D Cub3D-Destroyer/maps/maps_buged/coordinate_names_partially_written_correctly.cub
==1093116== 
[1;31mERROR: invalide assets
[0m==1093116== 
==1093116== FILE DESCRIPTORS: 6 open (3 std) at exit.
==1093116== Open file descriptor 103: /usr/share/code/v8_context_snapshot.bin
==1093116==    <inherited from parent>
==1093116== 
==1093116== Open AF_UNIX socket 41: <unknown>
==1093116==    <inherited from parent>
==1093116== 
==1093116== Open file descriptor 40: /home/jle-doua/.config/Code/logs/20250909T151911/ptyhost.log
==1093116==    <inherited from parent>
==1093116== 
==1093116== 
==1093116== HEAP SUMMARY:
==1093116==     in use at exit: 0 bytes in 0 blocks
==1093116==   total heap usage: 387 allocs, 387 frees, 67,487 bytes allocated
==1093116== 
==1093116== All heap blocks were freed -- no leaks are possible
==1093116== 
==1093116== For lists of detected and suppressed errors, rerun with: -s
==1093116== ERROR SUMMARY: 0 errors from 0 contexts (suppressed: 0 from 0)
