==1092952== Memcheck, a memory error detector
==1092952== Copyright (C) 2002-2017, and GNU GPL'd, by Julian Seward et al.
==1092952== Using Valgrind-3.18.1 and LibVEX; rerun with -h for copyright info
==1092952== Command: ./cub3D Cub3D-Destroyer/maps/maps_buged/copy.cub
==1092952== 
[1;31mERROR: Cub3D-Destroyer/maps/maps_buged/copy.cub: invalide file[0m
==1092952== Warning: invalid file descriptor -1 in syscall close()
[0;31mERROR: file inexistant[0m
==1092952== 
==1092952== FILE DESCRIPTORS: 6 open (3 std) at exit.
==1092952== Open file descriptor 103: /usr/share/code/v8_context_snapshot.bin
==1092952==    <inherited from parent>
==1092952== 
==1092952== Open AF_UNIX socket 41: <unknown>
==1092952==    <inherited from parent>
==1092952== 
==1092952== Open file descriptor 40: /home/jle-doua/.config/Code/logs/20250909T151911/ptyhost.log
==1092952==    <inherited from parent>
==1092952== 
==1092952== 
==1092952== HEAP SUMMARY:
==1092952==     in use at exit: 0 bytes in 0 blocks
==1092952==   total heap usage: 93 allocs, 93 frees, 62,092 bytes allocated
==1092952== 
==1092952== All heap blocks were freed -- no leaks are possible
==1092952== 
==1092952== For lists of detected and suppressed errors, rerun with: -s
==1092952== ERROR SUMMARY: 0 errors from 0 contexts (suppressed: 0 from 0)
