==1093253== Memcheck, a memory error detector
==1093253== Copyright (C) 2002-2017, and GNU GPL'd, by Julian Seward et al.
==1093253== Using Valgrind-3.18.1 and LibVEX; rerun with -h for copyright info
==1093253== Command: ./cub3D Cub3D-Destroyer/maps/maps_buged/forbidden_characteres_in_colors_copy_4.cub
==1093253== 
[1;31mERROR: map is invalide[0m
==1093253== 
==1093253== FILE DESCRIPTORS: 6 open (3 std) at exit.
==1093253== Open file descriptor 103: /usr/share/code/v8_context_snapshot.bin
==1093253==    <inherited from parent>
==1093253== 
==1093253== Open AF_UNIX socket 41: <unknown>
==1093253==    <inherited from parent>
==1093253== 
==1093253== Open file descriptor 40: /home/jle-doua/.config/Code/logs/20250909T151911/ptyhost.log
==1093253==    <inherited from parent>
==1093253== 
==1093253== 
==1093253== HEAP SUMMARY:
==1093253==     in use at exit: 0 bytes in 0 blocks
==1093253==   total heap usage: 31,112 allocs, 31,112 frees, 1,791,499 bytes allocated
==1093253== 
==1093253== All heap blocks were freed -- no leaks are possible
==1093253== 
==1093253== For lists of detected and suppressed errors, rerun with: -s
==1093253== ERROR SUMMARY: 0 errors from 0 contexts (suppressed: 0 from 0)
