==1093279== Memcheck, a memory error detector
==1093279== Copyright (C) 2002-2017, and GNU GPL'd, by Julian Seward et al.
==1093279== Using Valgrind-3.18.1 and LibVEX; rerun with -h for copyright info
==1093279== Command: ./cub3D Cub3D-Destroyer/maps/maps_buged/forbidden_characteres_in_colors_copy.cub
==1093279== 
[1;31mERROR: map is invalide[0m
==1093279== 
==1093279== FILE DESCRIPTORS: 6 open (3 std) at exit.
==1093279== Open file descriptor 103: /usr/share/code/v8_context_snapshot.bin
==1093279==    <inherited from parent>
==1093279== 
==1093279== Open AF_UNIX socket 41: <unknown>
==1093279==    <inherited from parent>
==1093279== 
==1093279== Open file descriptor 40: /home/jle-doua/.config/Code/logs/20250909T151911/ptyhost.log
==1093279==    <inherited from parent>
==1093279== 
==1093279== 
==1093279== HEAP SUMMARY:
==1093279==     in use at exit: 0 bytes in 0 blocks
==1093279==   total heap usage: 31,353 allocs, 31,353 frees, 1,791,921 bytes allocated
==1093279== 
==1093279== All heap blocks were freed -- no leaks are possible
==1093279== 
==1093279== For lists of detected and suppressed errors, rerun with: -s
==1093279== ERROR SUMMARY: 0 errors from 0 contexts (suppressed: 0 from 0)
