==1093390== Memcheck, a memory error detector
==1093390== Copyright (C) 2002-2017, and GNU GPL'd, by Julian Seward et al.
==1093390== Using Valgrind-3.18.1 and LibVEX; rerun with -h for copyright info
==1093390== Command: ./cub3D Cub3D-Destroyer/maps/maps_buged/invalid_texture_copy.cub
==1093390== 
[1;31mERROR: image creation failed
[0m==1093390== 
==1093390== FILE DESCRIPTORS: 6 open (3 std) at exit.
==1093390== Open file descriptor 103: /usr/share/code/v8_context_snapshot.bin
==1093390==    <inherited from parent>
==1093390== 
==1093390== Open AF_UNIX socket 41: <unknown>
==1093390==    <inherited from parent>
==1093390== 
==1093390== Open file descriptor 40: /home/jle-doua/.config/Code/logs/20250909T151911/ptyhost.log
==1093390==    <inherited from parent>
==1093390== 
==1093390== 
==1093390== HEAP SUMMARY:
==1093390==     in use at exit: 0 bytes in 0 blocks
==1093390==   total heap usage: 1,475 allocs, 1,475 frees, 356,564 bytes allocated
==1093390== 
==1093390== All heap blocks were freed -- no leaks are possible
==1093390== 
==1093390== For lists of detected and suppressed errors, rerun with: -s
==1093390== ERROR SUMMARY: 0 errors from 0 contexts (suppressed: 0 from 0)
