==1093317== Memcheck, a memory error detector
==1093317== Copyright (C) 2002-2017, and GNU GPL'd, by Julian Seward et al.
==1093317== Using Valgrind-3.18.1 and LibVEX; rerun with -h for copyright info
==1093317== Command: ./cub3D Cub3D-Destroyer/maps/maps_buged/invalid_nbrs_in_map_RGB.cub
==1093317== 
[1;31mERROR: image creation failed
[0m==1093317== 
==1093317== FILE DESCRIPTORS: 6 open (3 std) at exit.
==1093317== Open file descriptor 103: /usr/share/code/v8_context_snapshot.bin
==1093317==    <inherited from parent>
==1093317== 
==1093317== Open AF_UNIX socket 41: <unknown>
==1093317==    <inherited from parent>
==1093317== 
==1093317== Open file descriptor 40: /home/jle-doua/.config/Code/logs/20250909T151911/ptyhost.log
==1093317==    <inherited from parent>
==1093317== 
==1093317== 
==1093317== HEAP SUMMARY:
==1093317==     in use at exit: 0 bytes in 0 blocks
==1093317==   total heap usage: 666 allocs, 666 frees, 71,732 bytes allocated
==1093317== 
==1093317== All heap blocks were freed -- no leaks are possible
==1093317== 
==1093317== For lists of detected and suppressed errors, rerun with: -s
==1093317== ERROR SUMMARY: 0 errors from 0 contexts (suppressed: 0 from 0)
