==1093337== Memcheck, a memory error detector
==1093337== Copyright (C) 2002-2017, and GNU GPL'd, by Julian Seward et al.
==1093337== Using Valgrind-3.18.1 and LibVEX; rerun with -h for copyright info
==1093337== Command: ./cub3D Cub3D-Destroyer/maps/maps_buged/invalid_RGB_000.cub
==1093337== 
[1;31mERROR: wrong color format[0m
[1;31mERROR: invalide assets[0m
==1093337== 
==1093337== FILE DESCRIPTORS: 6 open (3 std) at exit.
==1093337== Open file descriptor 103: /usr/share/code/v8_context_snapshot.bin
==1093337==    <inherited from parent>
==1093337== 
==1093337== Open AF_UNIX socket 41: <unknown>
==1093337==    <inherited from parent>
==1093337== 
==1093337== Open file descriptor 40: /home/jle-doua/.config/Code/logs/20250909T151911/ptyhost.log
==1093337==    <inherited from parent>
==1093337== 
==1093337== 
==1093337== HEAP SUMMARY:
==1093337==     in use at exit: 0 bytes in 0 blocks
==1093337==   total heap usage: 1,115 allocs, 1,115 frees, 84,904 bytes allocated
==1093337== 
==1093337== All heap blocks were freed -- no leaks are possible
==1093337== 
==1093337== For lists of detected and suppressed errors, rerun with: -s
==1093337== ERROR SUMMARY: 0 errors from 0 contexts (suppressed: 0 from 0)
