==1093377== Memcheck, a memory error detector
==1093377== Copyright (C) 2002-2017, and GNU GPL'd, by Julian Seward et al.
==1093377== Using Valgrind-3.18.1 and LibVEX; rerun with -h for copyright info
==1093377== Command: ./cub3D Cub3D-Destroyer/maps/maps_buged/invalid_texture_copy_3.cub
==1093377== 
[1;31mERROR: image creation failed
[0m==1093377== 
==1093377== FILE DESCRIPTORS: 6 open (3 std) at exit.
==1093377== Open file descriptor 103: /usr/share/code/v8_context_snapshot.bin
==1093377==    <inherited from parent>
==1093377== 
==1093377== Open AF_UNIX socket 41: <unknown>
==1093377==    <inherited from parent>
==1093377== 
==1093377== Open file descriptor 40: /home/jle-doua/.config/Code/logs/20250909T151911/ptyhost.log
==1093377==    <inherited from parent>
==1093377== 
==1093377== 
==1093377== HEAP SUMMARY:
==1093377==     in use at exit: 0 bytes in 0 blocks
==1093377==   total heap usage: 1,740 allocs, 1,740 frees, 625,233 bytes allocated
==1093377== 
==1093377== All heap blocks were freed -- no leaks are possible
==1093377== 
==1093377== For lists of detected and suppressed errors, rerun with: -s
==1093377== ERROR SUMMARY: 0 errors from 0 contexts (suppressed: 0 from 0)
