==1093363== Memcheck, a memory error detector
==1093363== Copyright (C) 2002-2017, and GNU GPL'd, by Julian Seward et al.
==1093363== Using Valgrind-3.18.1 and LibVEX; rerun with -h for copyright info
==1093363== Command: ./cub3D Cub3D-Destroyer/maps/maps_buged/invalid_texture1.cub
==1093363== 
[1;31mERROR: image creation failed
[0m==1093363== 
==1093363== FILE DESCRIPTORS: 6 open (3 std) at exit.
==1093363== Open file descriptor 103: /usr/share/code/v8_context_snapshot.bin
==1093363==    <inherited from parent>
==1093363== 
==1093363== Open AF_UNIX socket 41: <unknown>
==1093363==    <inherited from parent>
==1093363== 
==1093363== Open file descriptor 40: /home/jle-doua/.config/Code/logs/20250909T151911/ptyhost.log
==1093363==    <inherited from parent>
==1093363== 
==1093363== 
==1093363== HEAP SUMMARY:
==1093363==     in use at exit: 0 bytes in 0 blocks
==1093363==   total heap usage: 1,213 allocs, 1,213 frees, 88,046 bytes allocated
==1093363== 
==1093363== All heap blocks were freed -- no leaks are possible
==1093363== 
==1093363== For lists of detected and suppressed errors, rerun with: -s
==1093363== ERROR SUMMARY: 0 errors from 0 contexts (suppressed: 0 from 0)
