==1093429== Memcheck, a memory error detector
==1093429== Copyright (C) 2002-2017, and GNU GPL'd, by Julian Seward et al.
==1093429== Using Valgrind-3.18.1 and LibVEX; rerun with -h for copyright info
==1093429== Command: ./cub3D Cub3D-Destroyer/maps/maps_buged/maps_start_with_forbidden_.cub
==1093429== 
[1;31mERROR: invalide map char
[0m==1093429== 
==1093429== FILE DESCRIPTORS: 6 open (3 std) at exit.
==1093429== Open file descriptor 103: /usr/share/code/v8_context_snapshot.bin
==1093429==    <inherited from parent>
==1093429== 
==1093429== Open AF_UNIX socket 41: <unknown>
==1093429==    <inherited from parent>
==1093429== 
==1093429== Open file descriptor 40: /home/jle-doua/.config/Code/logs/20250909T151911/ptyhost.log
==1093429==    <inherited from parent>
==1093429== 
==1093429== 
==1093429== HEAP SUMMARY:
==1093429==     in use at exit: 0 bytes in 0 blocks
==1093429==   total heap usage: 6,762 allocs, 6,762 frees, 227,972 bytes allocated
==1093429== 
==1093429== All heap blocks were freed -- no leaks are possible
==1093429== 
==1093429== For lists of detected and suppressed errors, rerun with: -s
==1093429== ERROR SUMMARY: 0 errors from 0 contexts (suppressed: 0 from 0)
