==1093442== Memcheck, a memory error detector
==1093442== Copyright (C) 2002-2017, and GNU GPL'd, by Julian Seward et al.
==1093442== Using Valgrind-3.18.1 and LibVEX; rerun with -h for copyright info
==1093442== Command: ./cub3D Cub3D-Destroyer/maps/maps_buged/max_INT_colors_copy_2.cub
==1093442== 
[1;31mERROR: wrong color format[0m
[1;31mERROR: invalide assets[0m
==1093442== 
==1093442== FILE DESCRIPTORS: 6 open (3 std) at exit.
==1093442== Open file descriptor 103: /usr/share/code/v8_context_snapshot.bin
==1093442==    <inherited from parent>
==1093442== 
==1093442== Open AF_UNIX socket 41: <unknown>
==1093442==    <inherited from parent>
==1093442== 
==1093442== Open file descriptor 40: /home/jle-doua/.config/Code/logs/20250909T151911/ptyhost.log
==1093442==    <inherited from parent>
==1093442== 
==1093442== 
==1093442== HEAP SUMMARY:
==1093442==     in use at exit: 0 bytes in 0 blocks
==1093442==   total heap usage: 1,172 allocs, 1,172 frees, 85,413 bytes allocated
==1093442== 
==1093442== All heap blocks were freed -- no leaks are possible
==1093442== 
==1093442== For lists of detected and suppressed errors, rerun with: -s
==1093442== ERROR SUMMARY: 0 errors from 0 contexts (suppressed: 0 from 0)
