==1093553== Memcheck, a memory error detector
==1093553== Copyright (C) 2002-2017, and GNU GPL'd, by Julian Seward et al.
==1093553== Using Valgrind-3.18.1 and LibVEX; rerun with -h for copyright info
==1093553== Command: ./cub3D Cub3D-Destroyer/maps/maps_buged/no_rigts.cub
==1093553== 
no wall [1;32mCub3D-Destroyer/textures/north.xpm[0m
so wall [1;32mCub3D-Destroyer/textures/south.xpm[0m
we wall [1;32mCub3D-Destroyer/textures/east.xpm[0m
ea wall [1;32mCub3D-Destroyer/textures/west.xpm[0m
floor [1;32m1[0m
ceiling [1;32me11e00[0m
player x [1;32m26.500000[0m
player y [1;32m12.500000[0m
player angle [1;32m-1.57[0m
map x [1;32m79[0m
map Y [1;32m25[0m
[[1;33m1[0m][[1;33m1[0m][[1;33m1[0m][[1;33m1[0m][[1;33m1[0m][[1;33m1[0m][[1;33m1[0m][[1;33m1[0m][[1;33m1[0m][[1;33m1[0m][[1;33m1[0m][[1;33m1[0m][[1;33m1[0m][[1;33m1[0m][[1;33m1[0m][[1;33m1[0m][[1;33m1[0m][[1;33m1[0m][[1;33m1[0m][[1;33m1[0m][[1;33m1[0m][[1;33m1[0m][[1;33m1[0m][[1;33m1[0m][[1;33m1[0m][ ][ ][ ][ ][ ][ ][ ][ ][ ][ ][ ][ ][ ][[1;33m1[0m][[1;33m1[0m][[1;33m1[0m][[1;33m1[0m][[1;33m1[0m][[1;33m1[0m][[1;33m1[0m][[1;33m1[0m][[1;33m1[0m][[1;33m1[0m][[1;33m1[0m][[1;33m1[0m][ ][ ][ ][ ][ ][ ][ ][ ][ ][ ][ ][ ][ ][ ][ ][ ][ ][ ][ ][ ][ ][ ][ ][ ][ ][ ][ ][ ]
[[1;33m1[0m][[0;30m0[0m][[0;30m0[0m][[0;30m0[0m][[0;30m0[0m][[0;30m0[0m][[0;30m0[0m][[0;30m0[0m][[0;30m0[0m][[0;30m0[0m][[1;33m1[0m][[1;33m1[0m][[0;30m0[0m][[0;30m0[0m][[0;30m0[0m][[0;30m0[0m][[0;30m0[0m][[0;30m0[0m][[0;30m0[0m][[0;30m0[0m][[0;30m0[0m][[0;30m0[0m][[0;30m0[0m][[0;30m0[0m][[1;33m1[0m][ ][ ][ ][ ][ ][ ][ ][ ][ ][ ][ ][ ][ ][ ][ ][[1;33m1[0m][[1;33m1[0m][[1;33m1[0m][[1;33m1[0m][[1;33m1[0m][[1;33m1[0m][[1;33m1[0m][[1;33m1[0m][[0;30m0[0m][[1;33m1[0m][[1;33m1[0m][[1;33m1[0m][[1;33m1[0m][[1;33m1[0m][ ][ ][ ][ ][ ][ ][ ][ ][ ][ ][ ][ ][ ][ ][ ][ ][ ][ ][ ][ ][ ][ ][ ][ ]
[[1;33m1[0m][[0;30m0[0m][[1;33m1[0m][[1;33m1[0m][[0;30m0[0m][[0;30m0[0m][[0;30m0[0m][[0;30m0[0m][[0;30m0[0m][[1;33m1[0m][[1;33m1[0m][[1;33m1[0m][[0;30m0[0m][[0;30m0[0m][[0;30m0[0m][[0;30m0[0m][[0;30m0[0m][[0;30m0[0m][[0;30m0[0m][[0;30m0[0m][[0;30m0[0m][[0;30m0[0m][[0;30m0[0m][[0;30m0[0m][[1;33m1[0m][ ][ ][ ][ ][ ][ ][ ][ ][ ][ ][ ][ ][ ][ ][ ][ ][ ][ ][ ][ ][[1;33m1[0m][[1;33m1[0m][[1;33m1[0m][[1;33m1[0m][[1;33m1[0m][[1;33m1[0m][ ][ ][ ][ ][ ][ ][ ][ ][ ][ ][ ][ ][ ][ ][ ][ ][ ][ ][ ][ ][ ][ ][ ][ ][ ][ ][ ]
[[1;33m1[0m][[0;30m0[0m][[0;30m0[0m][[1;33m1[0m][[0;30m0[0m][[0;30m0[0m][[0;30m0[0m][[0;30m0[0m][[0;30m0[0m][[0;30m0[0m][[0;30m0[0m][[0;30m0[0m][[0;30m0[0m][[0;30m0[0m][[0;30m0[0m][[0;30m0[0m][[0;30m0[0m][[0;30m0[0m][[0;30m0[0m][[0;30m0[0m][[0;30m0[0m][[0;30m0[0m][[0;30m0[0m][[0;30m0[0m][[1;33m1[0m][[1;33m1[0m][[1;33m1[0m][[1;33m1[0m][[1;33m1[0m][[1;33m1[0m][[1;33m1[0m][[1;33m1[0m][[1;33m1[0m][ ][ ][ ][ ][ ][ ][ ][ ][ ][ ][ ][ ][ ][ ][ ][ ][ ][ ][ ][ ][ ][ ][ ][ ][ ][ ][ ][ ][ ][ ][ ][ ][ ][ ][ ][ ][ ][ ][ ][ ][ ][ ][ ][ ][ ]
[[1;33m1[0m][[1;33m1[0m][[1;33m1[0m][[1;33m1[0m][[1;33m1[0m][[1;33m1[0m][[1;33m1[0m][[1;33m1[0m][[1;33m1[0m][[0;30m0[0m][[1;33m1[0m][[1;33m1[0m][[0;30m0[0m][[0;30m0[0m][[0;30m0[0m][[0;30m0[0m][[0;30m0[0m][[1;33m1[0m][[1;33m1[0m][[1;33m1[0m][[0;30m0[0m][[0;30m0[0m][[0;30m0[0m][[0;30m0[0m][[0;30m0[0m][[0;30m0[0m][[0;30m0[0m][[0;30m0[0m][[0;30m0[0m][[0;30m0[0m][[0;30m0[0m][[0;30m0[0m][[1;33m1[0m][ ][ ][ ][ ][ ][ ][ ][ ][ ][ ][ ][ ][ ][ ][ ][ ][ ][ ][ ][ ][ ][ ][ ][ ][ ][ ][ ][ ][ ][ ][ ][ ][ ][ ][ ][ ][ ][ ][ ][ ][ ][ ][ ][ ][ ]
[[1;33m1[0m][[0;30m0[0m][[0;30m0[0m][[0;30m0[0m][[0;30m0[0m][[0;30m0[0m][[0;30m0[0m][[0;30m0[0m][[0;30m0[0m][[0;30m0[0m][[1;33m1[0m][[1;33m1[0m][[0;30m0[0m][[0;30m0[0m][[0;30m0[0m][[0;30m0[0m][[0;30m0[0m][[1;33m1[0m][[1;33m1[0m][[1;33m1[0m][[0;30m0[0m][[1;33m1[0m][[1;33m1[0m][[1;33m1[0m][[1;33m1[0m][[1;33m1[0m][[1;33m1[0m][[1;33m1[0m][[1;33m1[0m][[1;33m1[0m][[1;33m1[0m][[1;33m1[0m][[1;33m1[0m][[1;33m1[0m][[1;33m1[0m][[1;33m1[0m][[1;33m1[0m][[1;33m1[0m][[1;33m1[0m][[1;33m1[0m][[1;33m1[0m][[1;33m1[0m][[1;33m1[0m][[1;33m1[0m][[1;33m1[0m][[1;33m1[0m][[1;33m1[0m][[1;33m1[0m][[1;33m1[0m][[1;33m1[0m][[1;33m1[0m][[1;33m1[0m][[1;33m1[0m][[1;33m1[0m][[1;33m1[0m][[1;33m1[0m][[1;33m1[0m][[1;33m1[0m][[1;33m1[0m][[1;33m1[0m][[1;33m1[0m][[1;33m1[0m][[1;33m1[0m][[1;33m1[0m][[1;33m1[0m][[1;33m1[0m][[1;33m1[0m][[1;33m1[0m][[1;33m1[0m][[1;33m1[0m][[1;33m1[0m][[1;33m1[0m][[1;33m1[0m][ ][ ][ ][ ][ ]
[[1;33m1[0m][[1;33m1[0m][[1;33m1[0m][[1;33m1[0m][[0;30m0[0m][[1;33m1[0m][[1;33m1[0m][[1;33m1[0m][[1;33m1[0m][[1;33m1[0m][[1;33m1[0m][[1;33m1[0m][[1;33m1[0m][[1;33m1[0m][[0;30m0[0m][[1;33m1[0m][[1;33m1[0m][[1;33m1[0m][[0;30m0[0m][[0;30m0[0m][[0;30m0[0m][[0;30m0[0m][[0;30m0[0m][[0;30m0[0m][[1;33m1[0m][[0;30m0[0m][[0;30m0[0m][[0;30m0[0m][[1;33m1[0m][ ][ ][ ][ ][ ][ ][ ][ ][ ][ ][ ][ ][ ][ ][ ][ ][ ][ ][ ][ ][ ][ ][ ][ ][ ][ ][ ][ ][ ][ ][ ][ ][ ][ ][ ][ ][ ][ ][ ][ ][ ][ ][ ][ ][ ][ ][ ][ ][ ]
[[1;33m1[0m][[1;33m1[0m][[1;33m1[0m][[1;33m1[0m][[0;30m0[0m][[1;33m1[0m][[1;33m1[0m][[1;33m1[0m][[1;33m1[0m][[1;33m1[0m][[1;33m1[0m][[1;33m1[0m][[1;33m1[0m][[1;33m1[0m][[0;30m0[0m][[1;33m1[0m][[1;33m1[0m][[1;33m1[0m][[0;30m0[0m][[1;33m1[0m][[0;30m0[0m][[1;33m1[0m][[0;30m0[0m][[0;30m0[0m][[1;33m1[0m][[0;30m0[0m][[0;30m0[0m][[0;30m0[0m][[1;33m1[0m][ ][ ][ ][ ][ ][ ][ ][ ][ ][ ][ ][ ][ ][ ][ ][ ][ ][ ][ ][ ][ ][ ][ ][ ][ ][ ][ ][ ][ ][ ][ ][ ][ ][ ][ ][ ][ ][ ][ ][ ][ ][ ][ ][ ][ ][ ][ ][ ][ ]
[[1;33m1[0m][[1;33m1[0m][[0;30m0[0m][[0;30m0[0m][[0;30m0[0m][[0;30m0[0m][[0;30m0[0m][[0;30m0[0m][[1;33m1[0m][[1;33m1[0m][[0;30m0[0m][[1;33m1[0m][[0;30m0[0m][[1;33m1[0m][[0;30m0[0m][[1;33m1[0m][[1;33m1[0m][[1;33m1[0m][[0;30m0[0m][[0;30m0[0m][[0;30m0[0m][[0;30m0[0m][[0;30m0[0m][[0;30m0[0m][[1;33m1[0m][[0;30m0[0m][[0;30m0[0m][[0;30m0[0m][[1;33m1[0m][[1;33m1[0m][[1;33m1[0m][[1;33m1[0m][[1;33m1[0m][[1;33m1[0m][[1;33m1[0m][[1;33m1[0m][[1;33m1[0m][[1;33m1[0m][[1;33m1[0m][[1;33m1[0m][[1;33m1[0m][[1;33m1[0m][[1;33m1[0m][[1;33m1[0m][[1;33m1[0m][[1;33m1[0m][[1;33m1[0m][[1;33m1[0m][[1;33m1[0m][[1;33m1[0m][[1;33m1[0m][[1;33m1[0m][[1;33m1[0m][[1;33m1[0m][[1;33m1[0m][[1;33m1[0m][[1;33m1[0m][[1;33m1[0m][[1;33m1[0m][[1;33m1[0m][[1;33m1[0m][[1;33m1[0m][[1;33m1[0m][[1;33m1[0m][[1;33m1[0m][[1;33m1[0m][[1;33m1[0m][[1;33m1[0m][[1;33m1[0m][[1;33m1[0m][[1;33m1[0m][[1;33m1[0m][[1;33m1[0m][[1;33m1[0m][[1;33m1[0m][[1;33m1[0m][[1;33m1[0m][[1;33m1[0m]
[[1;33m1[0m][[0;30m0[0m][[0;30m0[0m][[0;30m0[0m][[0;30m0[0m][[0;30m0[0m][[0;30m0[0m][[0;30m0[0m][[0;30m0[0m][[0;30m0[0m][[0;30m0[0m][[0;30m0[0m][[0;30m0[0m][[0;30m0[0m][[0;30m0[0m][[0;30m0[0m][[1;33m1[0m][[1;33m1[0m][[0;30m0[0m][[0;30m0[0m][[0;30m0[0m][[0;30m0[0m][[0;30m0[0m][[0;30m0[0m][[1;33m1[0m][[0;30m0[0m][[0;30m0[0m][[0;30m0[0m][[1;33m1[0m][ ][ ][ ][ ][ ][ ][ ][ ][ ][ ][ ][ ][ ][ ][ ][ ][ ][ ][ ][ ][ ][ ][ ][ ][ ][ ][ ][ ][ ][ ][ ][ ][ ][ ][ ][ ][ ][ ][ ][ ][ ][ ][ ][ ][ ][ ][ ][ ][ ]
[[1;33m1[0m][[0;30m0[0m][[0;30m0[0m][[0;30m0[0m][[0;30m0[0m][[0;30m0[0m][[0;30m0[0m][[0;30m0[0m][[0;30m0[0m][[0;30m0[0m][[0;30m0[0m][[0;30m0[0m][[0;30m0[0m][[0;30m0[0m][[0;30m0[0m][[0;30m0[0m][[1;33m1[0m][[1;33m1[0m][[0;30m0[0m][[1;33m1[0m][[0;30m0[0m][[1;33m1[0m][[0;30m0[0m][[0;30m0[0m][[1;33m1[0m][[0;30m0[0m][[0;30m0[0m][[0;30m0[0m][[1;33m1[0m][ ][ ][ ][ ][ ][ ][ ][ ][ ][ ][ ][ ][ ][ ][ ][ ][ ][ ][ ][ ][ ][ ][ ][ ][ ][ ][ ][ ][ ][ ][ ][ ][ ][ ][ ][ ][ ][ ][ ][ ][ ][ ][ ][ ][ ][ ][ ][ ][ ]
[[1;33m1[0m][[1;33m1[0m][[1;33m1[0m][[1;33m1[0m][[1;33m1[0m][[1;33m1[0m][[1;33m1[0m][[1;33m1[0m][[1;33m1[0m][[1;33m1[0m][[1;33m1[0m][[1;33m1[0m][[1;33m1[0m][[1;33m1[0m][[1;33m1[0m][[1;33m1[0m][[1;33m1[0m][[1;33m1[0m][[1;33m1[0m][[1;33m1[0m][[1;33m1[0m][[1;33m1[0m][[1;33m1[0m][[1;33m1[0m][[1;33m1[0m][[1;33m1[0m][[1;33m1[0m][[1;33m1[0m][[1;33m1[0m][[1;33m1[0m][ ][ ][ ][ ][ ][ ][ ][ ][ ][ ][ ][ ][ ][ ][ ][ ][ ][ ][ ][ ][ ][ ][ ][ ][ ][ ][ ][ ][ ][ ][ ][ ][ ][ ][ ][ ][ ][ ][ ][ ][ ][ ][ ][ ][ ][ ][ ][ ]
[[1;33m1[0m][[1;33m1[0m][[0;30m0[0m][[0;30m0[0m][[0;30m0[0m][[0;30m0[0m][[0;30m0[0m][[1;33m1[0m][[1;33m1[0m][[1;33m1[0m][[0;30m0[0m][[1;33m1[0m][[0;30m0[0m][[1;33m1[0m][[0;30m0[0m][[1;33m1[0m][[1;33m1[0m][[1;33m1[0m][[1;33m1[0m][[1;33m1[0m][[0;30m0[0m][[1;33m1[0m][[1;33m1[0m][[1;33m1[0m][[1;33m1[0m][[0;30m0[0m][[1;34mN[0m][[0;30m0[0m][[1;33m1[0m][[1;33m1[0m][[1;33m1[0m][ ][ ][ ][ ][ ][ ][ ][ ][ ][ ][ ][ ][ ][ ][ ][ ][ ][ ][ ][ ][ ][ ][ ][ ][ ][ ][ ][ ][ ][ ][ ][ ][ ][ ][ ][ ][ ][ ][ ][ ][ ][ ][ ][ ][ ][ ][ ]
[[1;33m1[0m][[1;33m1[0m][[1;33m1[0m][[1;33m1[0m][[0;30m0[0m][[1;33m1[0m][[1;33m1[0m][[1;33m1[0m][ ][[1;33m1[0m][[1;33m1[0m][[1;33m1[0m][[0;30m0[0m][[1;33m1[0m][[0;30m0[0m][[1;33m1[0m][ ][[1;33m1[0m][[0;30m0[0m][[1;33m1[0m][[1;33m1[0m][[1;33m1[0m][[1;33m1[0m][[0;30m0[0m][[1;33m1[0m][[0;30m0[0m][[0;30m0[0m][[0;30m0[0m][[1;33m1[0m][ ][ ][ ][ ][ ][ ][ ][ ][ ][ ][ ][ ][ ][ ][ ][ ][ ][ ][ ][ ][ ][ ][ ][ ][ ][ ][ ][ ][ ][ ][ ][ ][ ][ ][ ][ ][ ][ ][ ][ ][ ][ ][ ][ ][ ][ ][ ][ ][ ]
[[1;33m1[0m][[1;33m1[0m][[1;33m1[0m][[1;33m1[0m][[1;33m1[0m][[1;33m1[0m][[1;33m1[0m][[1;33m1[0m][ ][[1;33m1[0m][[1;33m1[0m][[1;33m1[0m][[1;33m1[0m][[1;33m1[0m][[1;33m1[0m][[1;33m1[0m][ ][[1;33m1[0m][[1;33m1[0m][[1;33m1[0m][[1;33m1[0m][[1;33m1[0m][[1;33m1[0m][[1;33m1[0m][[1;33m1[0m][[1;33m1[0m][[1;33m1[0m][[1;33m1[0m][[1;33m1[0m][ ][ ][ ][ ][ ][ ][ ][ ][ ][ ][ ][ ][ ][ ][ ][ ][ ][ ][ ][ ][ ][ ][ ][ ][ ][ ][ ][ ][ ][ ][ ][ ][ ][ ][ ][ ][ ][ ][ ][ ][ ][ ][ ][ ][ ][ ][ ][ ][ ]
[[1;33m1[0m][ ][ ][ ][ ][[1;33m1[0m][ ][ ][ ][ ][ ][ ][ ][ ][ ][ ][ ][ ][ ][ ][ ][ ][ ][ ][ ][ ][ ][ ][ ][ ][ ][ ][ ][ ][ ][ ][ ][ ][ ][ ][ ][ ][ ][ ][ ][ ][ ][ ][ ][ ][ ][ ][ ][ ][ ][ ][ ][ ][ ][ ][ ][ ][ ][ ][ ][ ][ ][ ][ ][ ][ ][ ][ ][ ][ ][ ][ ][ ]
[[1;33m1[0m][ ][ ][ ][ ][[1;33m1[0m][ ][ ][ ][[1;33m1[0m][ ][ ][ ][ ][[1;33m1[0m][[1;33m1[0m][ ][ ][ ][ ][[1;33m1[0m][[1;33m1[0m][[1;33m1[0m][ ][ ][ ][ ][ ][ ][ ][ ][ ][ ][ ][ ][ ][ ][ ][ ][ ][ ][ ][ ][ ][ ][ ][ ][ ][ ][ ][ ][ ][ ][ ][ ][ ][ ][ ][ ][ ][ ][ ][ ][ ][ ][ ][ ][ ][ ][ ][ ][ ][ ][ ][ ][ ][ ][ ]
[[1;33m1[0m][ ][ ][ ][ ][ ][ ][ ][ ][ ][ ][ ][ ][ ][ ][ ][ ][ ][ ][ ][ ][ ][ ][ ][ ][ ][ ][ ][ ][ ][ ][ ][ ][ ][ ][ ][ ][ ][ ][ ][ ][ ][ ][ ][ ][ ][ ][ ][ ][ ][ ][ ][ ][ ][ ][ ][ ][ ][ ][ ][ ][ ][ ][ ][ ][ ][ ][ ][ ][ ][ ][ ][ ][ ][ ][ ][ ][ ]
[[1;33m1[0m][ ][ ][ ][ ][ ][ ][ ][ ][ ][ ][ ][ ][ ][ ][ ][ ][ ][ ][ ][ ][ ][ ][ ][ ][ ][ ][ ][ ][ ][ ][ ][ ][ ][ ][ ][ ][ ][ ][ ][ ][ ][ ][ ][ ][ ][ ][ ][ ][ ][ ][ ][ ][ ][ ][ ][ ][ ][ ][ ][ ][ ][ ][ ][ ][ ][ ][ ][ ][ ][ ][ ][ ][ ][ ][ ][ ][ ]
[[1;33m1[0m][ ][ ][ ][ ][ ][ ][ ][ ][ ][ ][ ][ ][ ][ ][ ][ ][ ][ ][ ][ ][ ][ ][ ][ ][ ][ ][ ][ ][ ][ ][ ][ ][ ][ ][ ][ ][ ][ ][ ][ ][ ][ ][ ][ ][ ][ ][ ][ ][ ][ ][ ][ ][ ][ ][ ][ ][ ][ ][ ][ ][ ][ ][ ][ ][ ][ ][ ][ ][ ][ ][ ][ ][ ][ ][ ][ ][ ]
[[1;33m1[0m][ ][ ][ ][ ][ ][ ][ ][ ][ ][ ][ ][ ][ ][ ][ ][ ][ ][ ][ ][ ][ ][ ][ ][ ][ ][ ][ ][ ][ ][ ][ ][ ][ ][ ][ ][ ][ ][ ][ ][ ][ ][ ][ ][ ][ ][ ][ ][ ][ ][ ][ ][ ][ ][ ][ ][ ][ ][ ][ ][ ][ ][ ][ ][ ][ ][ ][ ][ ][ ][ ][ ][ ][ ][ ][ ][ ][ ]
[[1;33m1[0m][ ][ ][ ][ ][ ][ ][ ][ ][ ][ ][ ][ ][ ][ ][ ][ ][ ][ ][ ][ ][ ][ ][ ][ ][ ][ ][ ][ ][ ][ ][ ][ ][ ][ ][ ][ ][ ][ ][ ][ ][ ][ ][ ][ ][ ][ ][ ][ ][ ][ ][ ][ ][ ][ ][ ][ ][ ][ ][ ][ ][ ][ ][ ][ ][ ][ ][ ][ ][ ][ ][ ][ ][ ][ ][ ][ ][ ]
[[1;33m1[0m][ ][ ][ ][ ][ ][ ][ ][ ][ ][ ][ ][ ][ ][ ][ ][ ][ ][ ][ ][ ][ ][ ][ ][ ][ ][ ][ ][ ][ ][ ][ ][ ][ ][ ][ ][ ][ ][ ][ ][ ][ ][ ][ ][ ][ ][ ][ ][ ][ ][ ][ ][ ][ ][ ][ ][ ][ ][ ][ ][ ][ ][ ][ ][ ][ ][ ][ ][ ][ ][ ][ ][ ][ ][ ][ ][ ][ ]
[[1;33m1[0m][ ][ ][ ][ ][ ][ ][ ][ ][ ][ ][ ][ ][ ][ ][ ][ ][ ][ ][ ][ ][ ][ ][ ][ ][ ][ ][ ][ ][ ][ ][ ][ ][ ][ ][ ][ ][ ][ ][ ][ ][ ][ ][ ][ ][ ][ ][ ][ ][ ][ ][ ][ ][ ][ ][ ][ ][ ][ ][ ][ ][ ][ ][ ][ ][ ][ ][ ][ ][ ][ ][ ][ ][ ][ ][ ][ ][ ]
[ ][ ][ ][ ][ ][ ][ ][ ][ ][ ][ ][ ][ ][ ][ ][ ][ ][ ][ ][ ][ ][ ][ ][ ][ ][ ][ ][ ][ ][ ][ ][ ][ ][ ][ ][ ][ ][ ][ ][ ][ ][ ][ ][ ][ ][ ][ ][ ][ ][ ][ ][ ][ ][ ][ ][ ][ ][ ][ ][ ][ ][ ][ ][ ][ ][ ][ ][ ][ ][ ][ ][ ][ ][ ][ ][ ][ ][ ]
==1093553== 
==1093553== FILE DESCRIPTORS: 6 open (3 std) at exit.
==1093553== Open file descriptor 103: /usr/share/code/v8_context_snapshot.bin
==1093553==    <inherited from parent>
==1093553== 
==1093553== Open AF_UNIX socket 41: <unknown>
==1093553==    <inherited from parent>
==1093553== 
==1093553== Open file descriptor 40: /home/jle-doua/.config/Code/logs/20250909T151911/ptyhost.log
==1093553==    <inherited from parent>
==1093553== 
==1093553== 
==1093553== HEAP SUMMARY:
==1093553==     in use at exit: 0 bytes in 0 blocks
==1093553==   total heap usage: 32,777 allocs, 32,777 frees, 1,834,374 bytes allocated
==1093553== 
==1093553== All heap blocks were freed -- no leaks are possible
==1093553== 
==1093553== For lists of detected and suppressed errors, rerun with: -s
==1093553== ERROR SUMMARY: 0 errors from 0 contexts (suppressed: 12 from 1)
