==1093601== Memcheck, a memory error detector
==1093601== Copyright (C) 2002-2017, and GNU GPL'd, by Julian Seward et al.
==1093601== Using Valgrind-3.18.1 and LibVEX; rerun with -h for copyright info
==1093601== Command: ./cub3D Cub3D-Destroyer/maps/maps_buged/overwritten_by_invalid_texture.cub
==1093601== 
[1;31mERROR: invalide assets
[0m==1093601== 
==1093601== FILE DESCRIPTORS: 6 open (3 std) at exit.
==1093601== Open file descriptor 103: /usr/share/code/v8_context_snapshot.bin
==1093601==    <inherited from parent>
==1093601== 
==1093601== Open AF_UNIX socket 41: <unknown>
==1093601==    <inherited from parent>
==1093601== 
==1093601== Open file descriptor 40: /home/jle-doua/.config/Code/logs/20250909T151911/ptyhost.log
==1093601==    <inherited from parent>
==1093601== 
==1093601== 
==1093601== HEAP SUMMARY:
==1093601==     in use at exit: 0 bytes in 0 blocks
==1093601==   total heap usage: 459 allocs, 459 frees, 69,828 bytes allocated
==1093601== 
==1093601== All heap blocks were freed -- no leaks are possible
==1093601== 
==1093601== For lists of detected and suppressed errors, rerun with: -s
==1093601== ERROR SUMMARY: 0 errors from 0 contexts (suppressed: 0 from 0)
