==1093614== Memcheck, a memory error detector
==1093614== Copyright (C) 2002-2017, and GNU GPL'd, by Julian Seward et al.
==1093614== Using Valgrind-3.18.1 and LibVEX; rerun with -h for copyright info
==1093614== Command: ./cub3D Cub3D-Destroyer/maps/maps_buged/overwritten_by_seveeral_texture_per_line_.cub
==1093614== 
[1;31mERROR: texture format
[0m[1;31mERROR: invalide assets[0m
==1093614== 
==1093614== FILE DESCRIPTORS: 6 open (3 std) at exit.
==1093614== Open file descriptor 103: /usr/share/code/v8_context_snapshot.bin
==1093614==    <inherited from parent>
==1093614== 
==1093614== Open AF_UNIX socket 41: <unknown>
==1093614==    <inherited from parent>
==1093614== 
==1093614== Open file descriptor 40: /home/jle-doua/.config/Code/logs/20250909T151911/ptyhost.log
==1093614==    <inherited from parent>
==1093614== 
==1093614== 
==1093614== HEAP SUMMARY:
==1093614==     in use at exit: 0 bytes in 0 blocks
==1093614==   total heap usage: 147 allocs, 147 frees, 63,390 bytes allocated
==1093614== 
==1093614== All heap blocks were freed -- no leaks are possible
==1093614== 
==1093614== For lists of detected and suppressed errors, rerun with: -s
==1093614== ERROR SUMMARY: 0 errors from 0 contexts (suppressed: 0 from 0)
