==1093627== Memcheck, a memory error detector
==1093627== Copyright (C) 2002-2017, and GNU GPL'd, by Julian Seward et al.
==1093627== Using Valgrind-3.18.1 and LibVEX; rerun with -h for copyright info
==1093627== Command: ./cub3D Cub3D-Destroyer/maps/maps_buged/seveeral_texture_per_line__copy.cub
==1093627== 
[1;31mERROR: texture format
[0m[1;31mERROR: invalide assets[0m
==1093627== 
==1093627== FILE DESCRIPTORS: 6 open (3 std) at exit.
==1093627== Open file descriptor 103: /usr/share/code/v8_context_snapshot.bin
==1093627==    <inherited from parent>
==1093627== 
==1093627== Open AF_UNIX socket 41: <unknown>
==1093627==    <inherited from parent>
==1093627== 
==1093627== Open file descriptor 40: /home/jle-doua/.config/Code/logs/20250909T151911/ptyhost.log
==1093627==    <inherited from parent>
==1093627== 
==1093627== 
==1093627== HEAP SUMMARY:
==1093627==     in use at exit: 0 bytes in 0 blocks
==1093627==   total heap usage: 187 allocs, 187 frees, 66,124 bytes allocated
==1093627== 
==1093627== All heap blocks were freed -- no leaks are possible
==1093627== 
==1093627== For lists of detected and suppressed errors, rerun with: -s
==1093627== ERROR SUMMARY: 0 errors from 0 contexts (suppressed: 0 from 0)
