==1093704== Memcheck, a memory error detector
==1093704== Copyright (C) 2002-2017, and GNU GPL'd, by Julian Seward et al.
==1093704== Using Valgrind-3.18.1 and LibVEX; rerun with -h for copyright info
==1093704== Command: ./cub3D Cub3D-Destroyer/maps/maps_buged/textures_before_split_and_after_map.cub
==1093704== 
[1;31mERROR: texture format
[0m[1;31mERROR: invalide assets[0m
==1093704== 
==1093704== FILE DESCRIPTORS: 6 open (3 std) at exit.
==1093704== Open file descriptor 103: /usr/share/code/v8_context_snapshot.bin
==1093704==    <inherited from parent>
==1093704== 
==1093704== Open AF_UNIX socket 41: <unknown>
==1093704==    <inherited from parent>
==1093704== 
==1093704== Open file descriptor 40: /home/jle-doua/.config/Code/logs/20250909T151911/ptyhost.log
==1093704==    <inherited from parent>
==1093704== 
==1093704== 
==1093704== HEAP SUMMARY:
==1093704==     in use at exit: 0 bytes in 0 blocks
==1093704==   total heap usage: 1,302 allocs, 1,302 frees, 87,871 bytes allocated
==1093704== 
==1093704== All heap blocks were freed -- no leaks are possible
==1093704== 
==1093704== For lists of detected and suppressed errors, rerun with: -s
==1093704== ERROR SUMMARY: 0 errors from 0 contexts (suppressed: 0 from 0)
