==1093717== Memcheck, a memory error detector
==1093717== Copyright (C) 2002-2017, and GNU GPL'd, by Julian Seward et al.
==1093717== Using Valgrind-3.18.1 and LibVEX; rerun with -h for copyright info
==1093717== Command: ./cub3D Cub3D-Destroyer/maps/maps_buged/texture_split_the_map.cub
==1093717== 
[1;31mERROR: invalide assets
[0m==1093717== 
==1093717== FILE DESCRIPTORS: 6 open (3 std) at exit.
==1093717== Open file descriptor 103: /usr/share/code/v8_context_snapshot.bin
==1093717==    <inherited from parent>
==1093717== 
==1093717== Open AF_UNIX socket 41: <unknown>
==1093717==    <inherited from parent>
==1093717== 
==1093717== Open file descriptor 40: /home/jle-doua/.config/Code/logs/20250909T151911/ptyhost.log
==1093717==    <inherited from parent>
==1093717== 
==1093717== 
==1093717== HEAP SUMMARY:
==1093717==     in use at exit: 0 bytes in 0 blocks
==1093717==   total heap usage: 975 allocs, 975 frees, 82,732 bytes allocated
==1093717== 
==1093717== All heap blocks were freed -- no leaks are possible
==1093717== 
==1093717== For lists of detected and suppressed errors, rerun with: -s
==1093717== ERROR SUMMARY: 0 errors from 0 contexts (suppressed: 0 from 0)
