==1093679== Memcheck, a memory error detector
==1093679== Copyright (C) 2002-2017, and GNU GPL'd, by Julian Seward et al.
==1093679== Using Valgrind-3.18.1 and LibVEX; rerun with -h for copyright info
==1093679== Command: ./cub3D Cub3D-Destroyer/maps/maps_buged/textures_before_and_split_map.cub
==1093679== 
[1;31mERROR: invalide assets
[0m==1093679== 
==1093679== FILE DESCRIPTORS: 6 open (3 std) at exit.
==1093679== Open file descriptor 103: /usr/share/code/v8_context_snapshot.bin
==1093679==    <inherited from parent>
==1093679== 
==1093679== Open AF_UNIX socket 41: <unknown>
==1093679==    <inherited from parent>
==1093679== 
==1093679== Open file descriptor 40: /home/jle-doua/.config/Code/logs/20250909T151911/ptyhost.log
==1093679==    <inherited from parent>
==1093679== 
==1093679== 
==1093679== HEAP SUMMARY:
==1093679==     in use at exit: 0 bytes in 0 blocks
==1093679==   total heap usage: 974 allocs, 974 frees, 82,695 bytes allocated
==1093679== 
==1093679== All heap blocks were freed -- no leaks are possible
==1093679== 
==1093679== For lists of detected and suppressed errors, rerun with: -s
==1093679== ERROR SUMMARY: 0 errors from 0 contexts (suppressed: 0 from 0)
