==1093653== Memcheck, a memory error detector
==1093653== Copyright (C) 2002-2017, and GNU GPL'd, by Julian Seward et al.
==1093653== Using Valgrind-3.18.1 and LibVEX; rerun with -h for copyright info
==1093653== Command: ./cub3D Cub3D-Destroyer/maps/maps_buged/textures_after_map.cub
==1093653== 
[1;31mERROR: invalide assets
[0m==1093653== 
==1093653== FILE DESCRIPTORS: 6 open (3 std) at exit.
==1093653== Open file descriptor 103: /usr/share/code/v8_context_snapshot.bin
==1093653==    <inherited from parent>
==1093653== 
==1093653== Open AF_UNIX socket 41: <unknown>
==1093653==    <inherited from parent>
==1093653== 
==1093653== Open file descriptor 40: /home/jle-doua/.config/Code/logs/20250909T151911/ptyhost.log
==1093653==    <inherited from parent>
==1093653== 
==1093653== 
==1093653== HEAP SUMMARY:
==1093653==     in use at exit: 0 bytes in 0 blocks
==1093653==   total heap usage: 210 allocs, 210 frees, 63,864 bytes allocated
==1093653== 
==1093653== All heap blocks were freed -- no leaks are possible
==1093653== 
==1093653== For lists of detected and suppressed errors, rerun with: -s
==1093653== ERROR SUMMARY: 0 errors from 0 contexts (suppressed: 0 from 0)
