==1093666== Memcheck, a memory error detector
==1093666== Copyright (C) 2002-2017, and GNU GPL'd, by Julian Seward et al.
==1093666== Using Valgrind-3.18.1 and LibVEX; rerun with -h for copyright info
==1093666== Command: ./cub3D Cub3D-Destroyer/maps/maps_buged/textures_before_and_after_map.cub
==1093666== 
[1;31mERROR: map is invalide[0m
==1093666== 
==1093666== FILE DESCRIPTORS: 6 open (3 std) at exit.
==1093666== Open file descriptor 103: /usr/share/code/v8_context_snapshot.bin
==1093666==    <inherited from parent>
==1093666== 
==1093666== Open AF_UNIX socket 41: <unknown>
==1093666==    <inherited from parent>
==1093666== 
==1093666== Open file descriptor 40: /home/jle-doua/.config/Code/logs/20250909T151911/ptyhost.log
==1093666==    <inherited from parent>
==1093666== 
==1093666== 
==1093666== HEAP SUMMARY:
==1093666==     in use at exit: 0 bytes in 0 blocks
==1093666==   total heap usage: 39,114 allocs, 39,114 frees, 1,945,538 bytes allocated
==1093666== 
==1093666== All heap blocks were freed -- no leaks are possible
==1093666== 
==1093666== For lists of detected and suppressed errors, rerun with: -s
==1093666== ERROR SUMMARY: 0 errors from 0 contexts (suppressed: 0 from 0)
