==1093737== Memcheck, a memory error detector
==1093737== Copyright (C) 2002-2017, and GNU GPL'd, by Julian Seward et al.
==1093737== Using Valgrind-3.18.1 and LibVEX; rerun with -h for copyright info
==1093737== Command: ./cub3D Cub3D-Destroyer/maps/maps_buged/unexistent_texture_copy_2.cub
==1093737== 
[1;31mERROR: invalide assets[0m
==1093737== 
==1093737== FILE DESCRIPTORS: 6 open (3 std) at exit.
==1093737== Open file descriptor 103: /usr/share/code/v8_context_snapshot.bin
==1093737==    <inherited from parent>
==1093737== 
==1093737== Open AF_UNIX socket 41: <unknown>
==1093737==    <inherited from parent>
==1093737== 
==1093737== Open file descriptor 40: /home/jle-doua/.config/Code/logs/20250909T151911/ptyhost.log
==1093737==    <inherited from parent>
==1093737== 
==1093737== 
==1093737== HEAP SUMMARY:
==1093737==     in use at exit: 0 bytes in 0 blocks
==1093737==   total heap usage: 1,137 allocs, 1,137 frees, 84,366 bytes allocated
==1093737== 
==1093737== All heap blocks were freed -- no leaks are possible
==1093737== 
==1093737== For lists of detected and suppressed errors, rerun with: -s
==1093737== ERROR SUMMARY: 0 errors from 0 contexts (suppressed: 0 from 0)
