==1093792== Memcheck, a memory error detector
==1093792== Copyright (C) 2002-2017, and GNU GPL'd, by Julian Seward et al.
==1093792== Using Valgrind-3.18.1 and LibVEX; rerun with -h for copyright info
==1093792== Command: ./cub3D Cub3D-Destroyer/maps/maps_buged/unexistent_texture_copy__overwritten_twice.cub
==1093792== 
[1;31mERROR: invalide assets
[0m==1093792== 
==1093792== FILE DESCRIPTORS: 6 open (3 std) at exit.
==1093792== Open file descriptor 103: /usr/share/code/v8_context_snapshot.bin
==1093792==    <inherited from parent>
==1093792== 
==1093792== Open AF_UNIX socket 41: <unknown>
==1093792==    <inherited from parent>
==1093792== 
==1093792== Open file descriptor 40: /home/jle-doua/.config/Code/logs/20250909T151911/ptyhost.log
==1093792==    <inherited from parent>
==1093792== 
==1093792== 
==1093792== HEAP SUMMARY:
==1093792==     in use at exit: 0 bytes in 0 blocks
==1093792==   total heap usage: 449 allocs, 449 frees, 70,401 bytes allocated
==1093792== 
==1093792== All heap blocks were freed -- no leaks are possible
==1093792== 
==1093792== For lists of detected and suppressed errors, rerun with: -s
==1093792== ERROR SUMMARY: 0 errors from 0 contexts (suppressed: 0 from 0)
