==1094019== Memcheck, a memory error detector
==1094019== Copyright (C) 2002-2017, and GNU GPL'd, by Julian Seward et al.
==1094019== Using Valgrind-3.18.1 and LibVEX; rerun with -h for copyright info
==1094019== Command: ./cub3D Cub3D-Destroyer/maps/maps_buged/white_spaces.cub
==1094019== 
[1;31mERROR: texture format
[0m[1;31mERROR: invalide assets[0m
==1094019== 
==1094019== FILE DESCRIPTORS: 6 open (3 std) at exit.
==1094019== Open file descriptor 103: /usr/share/code/v8_context_snapshot.bin
==1094019==    <inherited from parent>
==1094019== 
==1094019== Open AF_UNIX socket 41: <unknown>
==1094019==    <inherited from parent>
==1094019== 
==1094019== Open file descriptor 40: /home/jle-doua/.config/Code/logs/20250909T151911/ptyhost.log
==1094019==    <inherited from parent>
==1094019== 
==1094019== 
==1094019== HEAP SUMMARY:
==1094019==     in use at exit: 0 bytes in 0 blocks
==1094019==   total heap usage: 187 allocs, 187 frees, 66,170 bytes allocated
==1094019== 
==1094019== All heap blocks were freed -- no leaks are possible
==1094019== 
==1094019== For lists of detected and suppressed errors, rerun with: -s
==1094019== ERROR SUMMARY: 0 errors from 0 contexts (suppressed: 0 from 0)
